# Note: THE CONTENTS OF THIS DICTIONARY ARE NOT IMPORTANT.
# The purpose of this test is not to assert that this value
# returned by `form_utils._get_type_info`, but instead to act as a
# signal when refactoring the code involved in compiling an
# `tff.templates.IterativeProcess` into a
# `tff.backends.mapreduce.MapReduceForm`.

initialize_type: ( -> <int32,int32>)
s1_type: <int32,int32>@SERVER
c1_type: {int32}@CLIENTS
prepare_type: (<int32,int32> -> <<int32,int32>>)
s2_type: <<int32,int32>>@SERVER
c2_type: {<<int32,int32>>}@CLIENTS
c3_type: {<int32,<<int32,int32>>>}@CLIENTS
work_type: (<int32,<<int32,int32>>> -> <<int32>,<int32>>)
c4_type: {<<int32>,<int32>>}@CLIENTS
c5_type: {<int32>}@CLIENTS
c6_type: {<int32>}@CLIENTS
zero_type: ( -> <int32>)
accumulate_type: (<<int32>,<int32>> -> <int32>)
merge_type: (<<int32>,<int32>> -> <int32>)
report_type: (<int32> -> <int32>)
s3_type: <int32>@SERVER
bitwidth_type: ( -> <int32>)
s4_type: <int32>@SERVER
s5_type: <<int32>,<int32>>@SERVER
s6_type: <<int32,int32>,<<int32>,<int32>>>@SERVER
update_type: (<<int32,int32>,<<int32>,<int32>>> -> <<int32,int32>,<>>)
s7_type: <<int32,int32>,<>>@SERVER
s8_type: <int32,int32>@SERVER
s9_type: <>@SERVER
