Traceback (most recent call last):
  File "python/core/impl/federated_context/federated_computation_test.py", in test_stackframes_in_errors
    def _():
  File "python/core/impl/computation/computation_wrapper.py", in __call__
    wrapped_func = self._strategy(
  File "python/core/impl/computation/computation_wrapper.py", in __call__
    result = fn_to_wrap(*args, **kwargs)
  File "python/core/impl/federated_context/federated_computation_test.py", in _
    raise DummyError()
FederatedComputationWrapperTest.test_stackframes_in_errors.<locals>.DummyError
