Before transformation:

federated_aggregate(<
  data,
  data,
  (a -> data),
  (b -> data),
  (c -> data)
>)

After transformation:

(let
  _var13=federated_aggregate,
  _var7=data,
  _var8=data,
  _var1=data,
  _var2=(a -> _var1),
  _var9=_var2,
  _var3=data,
  _var4=(b -> _var3),
  _var10=_var4,
  _var5=data,
  _var6=(c -> _var5),
  _var11=_var6,
  _var12=<
    _var7,
    _var8,
    _var9,
    _var10,
    _var11
  >,
  _var14=_var12,
  _var15=_var13(_var14)
 in _var15)
