Before transformation:

(b -> <
  federated_mean(federated_map(<
    comp#a,
    federated_broadcast(b)
  >)),
  federated_mean(federated_map(<
    comp#a,
    federated_broadcast(b)
  >))
>)

After transformation:

(b -> (let
  _var9=federated_mean,
  _var6=federated_map,
  _var3=comp#a,
  _var1=federated_broadcast,
  _var2=_var1(b),
  _var4=_var2,
  _var5=<
    _var3,
    _var4
  >,
  _var7=_var5,
  _var8=_var6(_var7),
  _var10=_var8,
  _var11=_var9(_var10),
  _var23=_var11,
  _var20=federated_mean,
  _var17=federated_map,
  _var14=comp#a,
  _var12=federated_broadcast,
  _var13=_var12(b),
  _var15=_var13,
  _var16=<
    _var14,
    _var15
  >,
  _var18=_var16,
  _var19=_var17(_var18),
  _var21=_var19,
  _var22=_var20(_var21),
  _var24=_var22,
  _var25=<
    _var23,
    _var24
  >,
  _var26=_var25
 in _var26))
