Before transformation:

(let
  agg_0=federated_aggregate(<
    data,
    data,
    (a -> data),
    (b -> data),
    (c -> data)
  >),
  agg_1=federated_aggregate(<
    data,
    data,
    (a -> data),
    (b -> data),
    (c -> data)
  >)
 in <
  agg_0,
  agg_1
>)

After transformation:

(let
  agg_0=federated_aggregate(<
    data,
    data,
    (a -> data),
    (b -> data),
    (c -> data)
  >)
 in <
  agg_0,
  agg_0
>)
