Before transformation:

<
  federated_aggregate(<
    data,
    data,
    (a -> data),
    (b -> data),
    (c -> data)
  >),
  federated_aggregate(<
    data,
    data,
    (a -> data),
    (b -> data),
    (c -> data)
  >)
>

After transformation:

(let
  _dep1=federated_aggregate,
  _dep2=data,
  _dep3=data,
  _dep5=(_dep4 -> _dep3),
  _dep7=(_dep6 -> _dep3),
  _dep8=<
    _dep2,
    _dep3,
    _dep5,
    _dep5,
    _dep7
  >,
  _dep9=_dep1(_dep8),
  _dep10=<
    _dep9,
    _dep9
  >
 in _dep10)
