Before transformation:

(let
  agg_0=federated_aggregate(<
    data,
    data,
    (a -> data),
    (b -> data),
    (c -> data)
  >),
  agg_1=federated_aggregate(<
    data,
    data,
    (a -> data),
    (b -> data),
    (c -> data)
  >)
 in <
  agg_0,
  agg_1
>)

After transformation:

(let
  _lhn4=federated_aggregate(<
    data,
    data,
    (_lhn1 -> data),
    (_lhn2 -> data),
    (_lhn3 -> data)
  >)
 in <
  _lhn4,
  _lhn4
>)
