Before transformation:

(let
  a=(let
    a=(let
      a=(let
        a=data
       in data)
     in data)
   in data),
  a=(let
    a=(let
      a=(let
        a=a
       in data)
     in data)
   in data)
 in (let
  a=(let
    a=(let
      a=a
     in data)
   in data)
 in data))

After transformation:

(let
  _var3=(let
    _var2=(let
      _var1=(let
        a=data
       in data)
     in data)
   in data),
  _var7=(let
    _var6=(let
      _var5=(let
        _var4=_var3
       in data)
     in data)
   in data)
 in (let
  _var10=(let
    _var9=(let
      _var8=_var7
     in data)
   in data)
 in data))
