initialize:

( -> (let
  fc_composition_initialize_symbol_0=( -> (let
    fc_<lambda>_symbol_0=comp#1(),
    fc_<lambda>_symbol_1=federated_value_at_server(fc_<lambda>_symbol_0)
   in fc_<lambda>_symbol_1))(),
  fc_composition_initialize_symbol_1=( -> (let
    fc_<lambda>_symbol_0=comp#2(),
    fc_<lambda>_symbol_1=federated_value_at_server(fc_<lambda>_symbol_0)
   in fc_<lambda>_symbol_1))(),
  fc_composition_initialize_symbol_2=federated_zip_at_server(<
    double=fc_composition_initialize_symbol_0,
    sum=fc_composition_initialize_symbol_1
  >)
 in fc_composition_initialize_symbol_2))

next:

(composition_next_arg -> (let
  fc_composition_next_symbol_0=(map_double_arg -> (let
    fc_map_double_symbol_0=federated_apply(<
      comp#1,
      map_double_arg[0]
    >),
    fc_map_double_symbol_1=federated_map(<
      comp#2,
      map_double_arg[1]
    >),
    fc_map_double_symbol_2=comp#3(),
    fc_map_double_symbol_3=federated_value_at_server(<
      a=fc_map_double_symbol_2
    >)
   in <
    state=fc_map_double_symbol_0,
    result=fc_map_double_symbol_1,
    measurements=fc_map_double_symbol_3
  >))(<
    state=federated_apply(<
      (x -> x[0]),
      composition_next_arg[0]
    >),
    values=composition_next_arg[1]
  >),
  fc_composition_next_symbol_1=(map_sum_arg -> (let
    fc_map_sum_symbol_0=federated_apply(<
      comp#4,
      map_sum_arg[0]
    >),
    fc_map_sum_symbol_1=federated_sum(map_sum_arg[1]),
    fc_map_sum_symbol_2=comp#5(),
    fc_map_sum_symbol_3=federated_value_at_server(<
      b=fc_map_sum_symbol_2
    >)
   in <
    state=fc_map_sum_symbol_0,
    result=fc_map_sum_symbol_1,
    measurements=fc_map_sum_symbol_3
  >))(<
    state=federated_apply(<
      (x -> x[1]),
      composition_next_arg[0]
    >),
    values=fc_composition_next_symbol_0[1]
  >),
  fc_composition_next_symbol_2=federated_zip_at_server(<
    double=fc_composition_next_symbol_0[0],
    sum=fc_composition_next_symbol_1[0]
  >),
  fc_composition_next_symbol_3=federated_zip_at_server(<
    double=fc_composition_next_symbol_0[2],
    sum=fc_composition_next_symbol_1[2]
  >)
 in <
  state=fc_composition_next_symbol_2,
  result=fc_composition_next_symbol_1[1],
  measurements=fc_composition_next_symbol_3
>))
