initialize:

( -> (let
  fc_concatenation_initialize_symbol_0=( -> (let
    fc__initialize_double_symbol_0=federated_value_at_server(1)
   in fc__initialize_double_symbol_0))(),
  fc_concatenation_initialize_symbol_1=( -> (let
    fc_<lambda>_symbol_0=federated_value_at_server(0)
   in fc_<lambda>_symbol_0))(),
  fc_concatenation_initialize_symbol_2=federated_zip_at_server(<
    double=fc_concatenation_initialize_symbol_0,
    aggregate=fc_concatenation_initialize_symbol_1
  >)
 in fc_concatenation_initialize_symbol_2))

next:

(concatenation_next_arg -> (let
  fc_concatenation_next_symbol_0=(_next_double_arg -> (let
    fc__next_double_symbol_0=federated_apply(<
      (_double_arg -> _double_arg),
      _next_double_arg[0]
    >),
    fc__next_double_symbol_1=federated_map(<
      (_double_arg -> _double_arg),
      _next_double_arg[1]
    >),
    fc__next_double_symbol_2=federated_value_at_server(<
      a=1
    >)
   in <
    state=fc__next_double_symbol_0,
    result=fc__next_double_symbol_1,
    measurements=fc__next_double_symbol_2
  >))(<
    state=federated_apply(<
      (x -> x[0]),
      concatenation_next_arg[0]
    >),
    values=concatenation_next_arg[1][0]
  >),
  fc_concatenation_next_symbol_1=(next_fn_arg -> (let
    fc_next_fn_symbol_0=federated_sum(next_fn_arg[1]),
    fc_next_fn_symbol_1=federated_value_at_server(1)
   in <
    state=next_fn_arg[0],
    result=fc_next_fn_symbol_0,
    measurements=fc_next_fn_symbol_1
  >))(<
    state=federated_apply(<
      (x -> x[1]),
      concatenation_next_arg[0]
    >),
    values=concatenation_next_arg[1][1]
  >),
  fc_concatenation_next_symbol_2=federated_zip_at_server(<
    double=fc_concatenation_next_symbol_0[0],
    aggregate=fc_concatenation_next_symbol_1[0]
  >),
  fc_concatenation_next_symbol_3=federated_zip_at_server(<
    double=fc_concatenation_next_symbol_0[2],
    aggregate=fc_concatenation_next_symbol_1[2]
  >)
 in <
  state=fc_concatenation_next_symbol_2,
  result=<
    double=fc_concatenation_next_symbol_0[1],
    aggregate=fc_concatenation_next_symbol_1[1]
  >,
  measurements=fc_concatenation_next_symbol_3
>))

